### 3.1 Кто есть кто
--- Primary:
 addr | in_recovery | port | current_wal 
------+-------------+------+-------------
      | f           | 5432 | 7/5D003708
(1 row)

--- Replica:
 addr | in_recovery | port |  received  |  replayed  
------+-------------+------+------------+------------
      | t           | 5432 | 7/5D003708 | 7/5D003708
(1 row)


### 3.2 Состояние репликации глазами Primary
-[ RECORD 1 ]----+--------------
application_name | walreceiver
client_addr      | 192.168.160.9
state            | streaming
sync_state       | async
sent_lsn         | 7/5D003708
write_lsn        | 7/5D003708
flush_lsn        | 7/5D003708
replay_lsn       | 7/5D003708
write_lag        | 
flush_lag        | 
replay_lag       | 

   slot_name    | slot_type | active | retained_wal 
----------------+-----------+--------+--------------
 replica_1_slot | physical  | t      | 0 bytes
(1 row)


### 3.3 Запись на Primary
                  id                  |     name     |          created_at          
--------------------------------------+--------------+------------------------------
 dddddddd-dddd-dddd-dddd-ddddddddddd1 | Реплика-тест | 2026-09-12 12:35:04.07956+00
(1 row)

INSERT 0 1

### 3.4 Чтение той же строки на Replica
                  id                  |     name     |                   description                    
--------------------------------------+--------------+--------------------------------------------------
 dddddddd-dddd-dddd-dddd-ddddddddddd1 | Реплика-тест | Строка создана на Primary в ходе лабораторной №4
(1 row)


### 3.5 UPDATE на Primary -> то же значение на Replica
         name          
-----------------------
 Реплика-тест 12:35:04
(1 row)

UPDATE 1
         name          
-----------------------
 Реплика-тест 12:35:04
(1 row)


### 3.6 Совпадают ли объёмы данных на двух узлах
     t      |  count  
------------+---------
 categories |       4
 orders     | 5000003
 users      |   50003
(3 rows)

     t      |  count  
------------+---------
 categories |       4
 orders     | 5000003
 users      |   50003
(3 rows)


==========================================================
### 4.1 Часть 4: попытка записи на Replica
==========================================================
ERROR:  cannot execute INSERT in a read-only transaction

### 4.2 UPDATE на Replica
ERROR:  cannot execute UPDATE in a read-only transaction

### 4.3 DELETE на Replica
ERROR:  cannot execute DELETE in a read-only transaction

### 4.4 Даже создание временной таблицы невозможно
ERROR:  cannot execute CREATE TABLE in a read-only transaction

### 4.5 Транзакция по умолчанию на Replica
 transaction_read_only 
-----------------------
 on
(1 row)

 transaction_read_only 
-----------------------
 off
(1 row)


### 4.6 Читать при этом можно что угодно, включая тяжёлую аналитику
   month    | count  
------------+--------
 2026-07-01 | 208061
 2026-08-01 | 208631
 2026-09-01 |  66544
(3 rows)

