### 6.1 Опыт первый: одиночная запись в спокойной системе
--- пишем на Primary и сразу читаем на Replica
lag-probe-2026-09-12 12:39:26.636197+00
INSERT 0 1
lag-probe-2026-09-12 12:39:26.636197+00
--- отставание в этот момент:
 replay_lag_bytes |    write_lag    |    flush_lag    |   replay_lag    
------------------+-----------------+-----------------+-----------------
                0 | 00:00:00.000171 | 00:00:00.000438 | 00:00:00.000486
(1 row)


  Поймать окно так не получится: одно docker exec стоит ~100 мс,
  а репликация внутри одного хоста укладывается в доли миллисекунды.
  Нужен либо поток записи, либо искусственная задержка. Делаем оба.

==========================================================
### 6.2 Опыт второй: отставание под нагрузкой записи
==========================================================
NOTICE:  schema "lab4" already exists, skipping
NOTICE:  table "wal_load" does not exist, skipping
--- 6.2a одна большая транзакция: 3 000 000 строк одним INSERT
--- пока она идёт, сравниваем узлы каждые 0.4 с
время |      Primary |      Replica | разница | WAL-отставание
-----------+--------------+--------------+------------+----------------
12:39:28   |            0 |            0 |          0 |          11 MB
12:39:28   |            0 |            0 |          0 |          54 MB
12:39:30   |            0 |            0 |          0 |         116 MB
12:39:32   |            0 |      3000000 |   -3000000 |        0 bytes
12:39:34   |      3000000 |      3000000 |          0 |        0 bytes
12:39:36   |      3000000 |      3000000 |          0 |        0 bytes
12:39:37   |      3000000 |      3000000 |          0 |        0 bytes
12:39:39   |      3000000 |      3000000 |          0 |        0 bytes
12:39:40   |      3000000 |      3000000 |          0 |        0 bytes
12:39:41   |      3000000 |      3000000 |          0 |       40 bytes
12:39:42   |      3000000 |      3000000 |          0 |       48 bytes
12:39:43   |      3000000 |      3000000 |          0 |        8 bytes
12:39:44   |      3000000 |      3000000 |          0 |        8 bytes
12:39:45   |      3000000 |      3000000 |          0 |       32 bytes

--- после завершения записи узлы сходятся
Primary: 3000000
Replica: 3000000

  Счётчики строк всё время совпадали, хотя отставание по WAL доходило
  до десятков мегабайт. Причина в том, что вся вставка была ОДНОЙ
  транзакцией: до COMMIT её не видит ни Primary, ни Replica.
  Отставание реально было — просто оно не проявлялось в данных.

--- 6.2b много мелких транзакций: 60 отдельных INSERT по 50 000 строк
время |      Primary |      Replica | разница | WAL-отставание | замер
-----------+--------------+--------------+------------+----------------+---------
12:39:53   |            0 |        50000 |          ? |        8315 kB | грязный
12:39:54   |       150000 |       200000 |          ? |        2504 kB | грязный
12:39:54   |       350000 |       350000 |          ? |        9496 kB | грязный
12:39:54   |       550000 |       550000 |          ? |        5773 kB | грязный
12:39:54   |       750000 |       800000 |          ? |        7196 kB | грязный
12:39:55   |       950000 |      1000000 |          ? |          19 MB | грязный
12:39:55   |      1200000 |      1300000 |          ? |          11 MB | грязный
12:39:58   |      1550000 |      1700000 |          ? |        0 bytes | грязный
12:39:59   |      3000000 |      3000000 |          0 |        0 bytes | чистый
12:40:00   |      3000000 |      3000000 |          0 |        0 bytes | чистый
12:40:01   |      3000000 |      3000000 |          0 |        0 bytes | чистый
12:40:01   |      3000000 |      3000000 |          0 |        0 bytes | чистый
12:40:02   |      3000000 |      3000000 |          0 |        0 bytes | чистый
12:40:03   |      3000000 |      3000000 |          0 |        0 bytes | чистый
12:40:03   |      3000000 |      3000000 |          0 |        0 bytes | чистый
12:40:04   |      3000000 |      3000000 |          0 |        0 bytes | чистый
12:40:05   |      3000000 |      3000000 |          0 |        0 bytes | чистый
12:40:05   |      3000000 |      3000000 |          0 |        0 bytes | чистый
12:40:06   |      3000000 |      3000000 |          0 |        0 bytes | чистый
12:40:07   |      3000000 |      3000000 |          0 |        0 bytes | чистый
12:40:07   |      3000000 |      3000000 |          0 |        0 bytes | чистый
12:40:08   |      3000000 |      3000000 |          0 |        0 bytes | чистый
12:40:09   |      3000000 |      3000000 |          0 |        0 bytes | чистый
12:40:10   |      3000000 |      3000000 |          0 |        0 bytes | чистый
максимальное честно замеренное расхождение строк: 0

==========================================================
### 6.3 Опыт третий: детерминированное окно рассинхронизации
==========================================================
  recovery_min_apply_delay заставляет Replica придержать применение
  уже полученного WAL. Это штатный параметр: так делают реплику,
  отстающую на час, чтобы успеть отменить ошибочный DELETE.

--- включаем задержку 15 секунд на Replica
ALTER SYSTEM
 recovery_min_apply_delay 
--------------------------
 15s
(1 row)


--- пишем на Primary
Primary отдаёт:  delayed-12:40:11
Replica отдаёт:  lag-probe-2026-09-12 12:39:26.636197+00
                 ^^^ вот оно: старое значение при уже записанном новом

--- измеряем отставание, пока оно есть
 behind_bytes |   replay_lag    
--------------+-----------------
 1520 bytes   | 00:00:00.000668
(1 row)

  received  |  replayed  |   behind_time   
------------+------------+-----------------
 8/58A815A8 | 8/58A81580 | 00:00:13.522347
(1 row)


--- ждём и смотрим, как значение догоняет
12:40:11  replica: lag-probe-2026-09-12 12:39:26.636197+00
12:40:14  replica: lag-probe-2026-09-12 12:39:26.636197+00
12:40:17  replica: lag-probe-2026-09-12 12:39:26.636197+00
12:40:20  replica: lag-probe-2026-09-12 12:39:26.636197+00
12:40:24  replica: lag-probe-2026-09-12 12:39:26.636197+00
12:40:27  replica: delayed-12:40:11

--- снимаем задержку
ALTER SYSTEM
 recovery_min_apply_delay 
--------------------------
 0
(1 row)


==========================================================
### 6.4 Чем мерить отставание в проде
==========================================================
--- со стороны Primary: сколько байт WAL реплика ещё не применила
 application_name |  client_addr  |   state   | sync_state | not_sent | not_flushed | not_replayed |   write_lag    |    flush_lag    |   replay_lag    
------------------+---------------+-----------+------------+----------+-------------+--------------+----------------+-----------------+-----------------
 walreceiver      | 192.168.160.9 | streaming | async      | 0 bytes  | 0 bytes     | 0 bytes      | 00:00:00.00025 | 00:00:00.000505 | 00:00:14.392718
(1 row)

--- со стороны Replica: на сколько секунд она позади
 in_recovery |  received  |  replayed  |        last_applied_tx        |   behind_time   
-------------+------------+------------+-------------------------------+-----------------
 t           | 8/58A815E0 | 8/58A815E0 | 2026-09-12 12:40:11.325687+00 | 00:00:21.210457
(1 row)


--- убираем нагрузочную таблицу
готово
