### 5.1 Куда сервис открывает подключения
{
    "replicaConfigured": true,
    "readsGoTo": "replica",
    "writeConnection": {
        "inRecovery": false,
        "address": "192.168.160.4/32",
        "role": "primary"
    },
    "readConnection": {
        "inRecovery": true,
        "address": "192.168.160.9/32",
        "role": "replica"
    }
}

### 5.2 Заголовок ответа на каждой ручке
  GET /api/orders                                    -> X-Db-Node: replica
  GET /api/orders/my                                 -> X-Db-Node: replica
  GET /api/orders/{id}                               -> X-Db-Node: primary

### 5.3 Доказательство со стороны Replica: счётчик прочитанных строк
  tup_returned на Replica до нагрузки: 357434597
  шлём 30 запросов GET /api/orders
  tup_returned на Replica после:       507471861
  прочитано строк на Replica:          150037264

### 5.4 Подключения сервиса, видимые на Replica
   application_name    | state  |  backend_type  | conns 
-----------------------+--------+----------------+-------
 chakchakshop-api-read | idle   | client backend |     1
 psql                  | active | client backend |     1
(2 rows)


### 5.5 Запись по-прежнему идёт только на Primary
  создаём заказ через POST /api/orders
  ответ: {"id":"786731e5-b2a3-4a28-a636-bfaa6432c7f8","userId":"aaaaaaaa-0000-0000-0000-000000000003","totalAmount":950.00,"status":"Pending","createdAt":"2026-09-12T12:47:00.085464Z","updatedAt":null,"items":

  Replica по-прежнему read-only — сервис физически не может писать туда:
ERROR:  cannot execute INSERT in a read-only transaction

### 5.6 Демонстрация read-your-writes через API
{
    "writtenOnPrimary": "lag-demo-f5965d511caf487e8b61c5af84c8f4f6",
    "seenOnReplica": "lag-demo-679f7e5795be4dcca34c540a92b2816c",
    "consistent": false,
    "verdict": "\u041f\u043e\u0439\u043c\u0430\u043d\u043e \u043e\u043a\u043d\u043e replication lag: Replica \u0435\u0449\u0451 \u043e\u0442\u0434\u0430\u0451\u0442 \u0441\u0442\u0430\u0440\u043e\u0435 \u0437\u043d\u0430\u0447\u0435\u043d\u0438\u0435",
    "elapsedMs": 2.262
}
