### Замер: 150 вызовов POST /api/replication/lag-demo
# запись на Primary и немедленное чтение того же ключа на Replica

  #3    устаревшее чтение, между записью и чтением 1.131 мс
  #4    устаревшее чтение, между записью и чтением 0.901 мс
  #11   устаревшее чтение, между записью и чтением 0.894 мс
  #12   устаревшее чтение, между записью и чтением 2.577 мс
  #14   устаревшее чтение, между записью и чтением 1.067 мс
  #16   устаревшее чтение, между записью и чтением 2.526 мс
  #19   устаревшее чтение, между записью и чтением 1.189 мс
  #24   устаревшее чтение, между записью и чтением 2.211 мс
  #25   устаревшее чтение, между записью и чтением 2.299 мс
  #26   устаревшее чтение, между записью и чтением 1.228 мс
  #28   устаревшее чтение, между записью и чтением 2.944 мс
  #30   устаревшее чтение, между записью и чтением 1.676 мс
  #32   устаревшее чтение, между записью и чтением 2.440 мс
  #34   устаревшее чтение, между записью и чтением 2.157 мс
  #37   устаревшее чтение, между записью и чтением 2.826 мс
  #40   устаревшее чтение, между записью и чтением 1.822 мс
  #41   устаревшее чтение, между записью и чтением 3.033 мс
  #42   устаревшее чтение, между записью и чтением 1.973 мс
  #46   устаревшее чтение, между записью и чтением 1.444 мс
  #50   устаревшее чтение, между записью и чтением 2.599 мс
  #53   устаревшее чтение, между записью и чтением 2.105 мс
  #54   устаревшее чтение, между записью и чтением 0.927 мс
  #55   устаревшее чтение, между записью и чтением 1.474 мс
  #56   устаревшее чтение, между записью и чтением 1.348 мс
  #57   устаревшее чтение, между записью и чтением 1.556 мс
  #61   устаревшее чтение, между записью и чтением 1.131 мс
  #62   устаревшее чтение, между записью и чтением 1.036 мс
  #64   устаревшее чтение, между записью и чтением 5.005 мс
  #65   устаревшее чтение, между записью и чтением 1.327 мс
  #68   устаревшее чтение, между записью и чтением 1.223 мс
  #70   устаревшее чтение, между записью и чтением 2.912 мс
  #72   устаревшее чтение, между записью и чтением 1.254 мс
  #73   устаревшее чтение, между записью и чтением 1.639 мс
  #74   устаревшее чтение, между записью и чтением 1.674 мс
  #76   устаревшее чтение, между записью и чтением 1.764 мс
  #78   устаревшее чтение, между записью и чтением 1.880 мс
  #79   устаревшее чтение, между записью и чтением 5.535 мс
  #80   устаревшее чтение, между записью и чтением 13.176 мс
  #82   устаревшее чтение, между записью и чтением 2.098 мс
  #88   устаревшее чтение, между записью и чтением 2.678 мс
  #89   устаревшее чтение, между записью и чтением 1.454 мс
  #92   устаревшее чтение, между записью и чтением 2.740 мс
  #93   устаревшее чтение, между записью и чтением 0.658 мс
  #94   устаревшее чтение, между записью и чтением 1.723 мс
  #95   устаревшее чтение, между записью и чтением 1.859 мс
  #99   устаревшее чтение, между записью и чтением 2.767 мс
  #100  устаревшее чтение, между записью и чтением 1.807 мс
  #106  устаревшее чтение, между записью и чтением 2.810 мс
  #107  устаревшее чтение, между записью и чтением 2.624 мс
  #108  устаревшее чтение, между записью и чтением 2.726 мс
  #109  устаревшее чтение, между записью и чтением 1.331 мс
  #111  устаревшее чтение, между записью и чтением 1.480 мс
  #113  устаревшее чтение, между записью и чтением 2.784 мс
  #115  устаревшее чтение, между записью и чтением 2.409 мс
  #120  устаревшее чтение, между записью и чтением 3.080 мс
  #121  устаревшее чтение, между записью и чтением 2.160 мс
  #125  устаревшее чтение, между записью и чтением 1.620 мс
  #135  устаревшее чтение, между записью и чтением 2.683 мс
  #136  устаревшее чтение, между записью и чтением 4.540 мс
  #139  устаревшее чтение, между записью и чтением 1.731 мс
  #140  устаревшее чтение, между записью и чтением 3.123 мс
  #141  устаревшее чтение, между записью и чтением 0.652 мс
  #142  устаревшее чтение, между записью и чтением 2.703 мс
  #145  устаревшее чтение, между записью и чтением 2.906 мс
  #146  устаревшее чтение, между записью и чтением 1.130 мс
  #150  устаревшее чтение, между записью и чтением 0.789 мс

  успешных вызовов:   150
  свежих чтений:      84
  устаревших чтений:  66
  ошибок:             0
  доля промахов:      44.0 %
  промах: интервал запись→чтение  мин 0.652 / медиана 1.869 / макс 13.176 мс
  успех:  интервал запись→чтение  мин 0.923 / медиана 2.564 / макс 10.015 мс
