==> Том cproject_postgres_replica_data
==> pg_basebackup с postgres
waiting for checkpoint
     69/5481368 kB (0%), 0/1 tablespace
 481392/5481368 kB (8%), 0/1 tablespace
 751796/5481368 kB (13%), 0/1 tablespace
1427488/5481368 kB (26%), 0/1 tablespace
2069383/5481368 kB (37%), 0/1 tablespace
2744576/5481368 kB (50%), 0/1 tablespace
3456234/5481368 kB (63%), 0/1 tablespace
4131135/5481368 kB (75%), 0/1 tablespace
4561209/5481368 kB (83%), 0/1 tablespace
5023971/5481368 kB (91%), 0/1 tablespace
5426373/5481368 kB (98%), 0/1 tablespace
5481378/5481378 kB (100%), 0/1 tablespace
5481378/5481378 kB (100%), 1/1 tablespace
==> Что pg_basebackup положил в копию
-rw-------    1 postgres postgres         0 Sep 12 12:33 /pgdata/standby.signal
# Do not edit this file manually!
# It will be overwritten by the ALTER SYSTEM command.
primary_conninfo = 'user=replicator password=replicator_pwd channel_binding=prefer host=postgres port=5432 sslmode=prefer sslcompression=0 sslcertmode=allow sslsni=1 ssl_min_protocol_version=TLSv1.2 gssencmode=prefer krbsrvname=postgres gssdelegation=0 target_session_attrs=any load_balance_hosts=disable'
primary_slot_name = 'replica_1_slot'
