==========================================================
### 2. SINGLE-SHARD QUERY
==========================================================
Клиент 000275af-58e2-4d65-9f02-ff7033e4051b, роутер говорит: shard 0

--- запрос сервиса GET /api/orders/my после шардирования:
{
    "shardsQueried": [
        0
    ],
    "elapsedMs": 5.7506,
    "rows": 5,
    "data": [
        {
            "id": "46393333-a672-4fe6-ac61-1a346406c797",
            "userId": "000275af-58e2-4d65-9f02-ff7033e4051b",
            "totalAmount": 4807.48,
            "status": "Pending",
            "createdAt": "2026-09-08T17:20:40.34152Z"
        },

--- тот же запрос напрямую к шарду, с планом:
                                                                QUERY PLAN                                                                
------------------------------------------------------------------------------------------------------------------------------------------
 Limit  (cost=0.43..65.18 rows=20 width=39) (actual time=0.066..0.482 rows=20 loops=1)
   Buffers: shared hit=23
   ->  Index Scan using ix_orders_user_created on orders  (cost=0.43..265.91 rows=82 width=39) (actual time=0.065..0.480 rows=20 loops=1)
         Index Cond: (user_id = '000275af-58e2-4d65-9f02-ff7033e4051b'::uuid)
         Buffers: shared hit=23
 Planning:
   Buffers: shared hit=118
 Planning Time: 1.634 ms
 Execution Time: 0.531 ms
(9 rows)


--- а на остальных узлах этого клиента просто нет:
    shard 0: 30 заказов
    shard 1: 0 заказов
    shard 2: 0 заказов

==========================================================
### 3. АГРЕГИРУЮЩИЙ ЗАПРОС
==========================================================
--- время каждого узла по отдельности на SELECT count(*)
    shard 0: 2467541 real 0.37 user 0.00 sys 0.00 
    shard 1: 2214344 real 0.38 user 0.00 sys 0.00 
    shard 2: 318120 real 0.08 user 0.00 sys 0.00 

--- тот же COUNT через сервис: опрашиваются все три, сумма считается в приложении
{
    "total": 5000005,
    "perShard": [
        {
            "shard": 0,
            "count": 2467541
        },
        {
            "shard": 1,
            "count": 2214344
        },
        {
            "shard": 2,
            "count": 318120
        }
    ],
    "shardsQueried": [
        0,
        1,
        2
    ],
    "failedShards": [],
    "complete": true,
    "elapsedMs": 129.7872
}

--- агрегация посложнее: выручка по статусам, на каждом узле свой кусок
  shard 0:
   status   | orders |  revenue   
------------+--------+------------
 Cancelled  | 492595 | 2435797330
 Completed  | 493096 | 2442727309
 Pending    | 493592 | 2443916829
 Processing | 494990 | 2450610514
 Refunded   | 493268 | 2441030534
(5 rows)

  shard 1:
   status   | orders |  revenue   
------------+--------+------------
 Cancelled  | 442792 | 2193468933
 Completed  | 441977 | 2186719950
 Pending    | 441822 | 2186016957
 Processing | 443585 | 2197240761
 Refunded   | 444168 | 2195178453
(5 rows)

  shard 2:
   status   | orders |  revenue  
------------+--------+-----------
 Cancelled  |  63477 | 314490569
 Completed  |  63925 | 315968201
 Pending    |  63836 | 316552707
 Processing |  63554 | 315572903
 Refunded   |  63328 | 312926657
(5 rows)

  ^^^ три частичных ответа, которые кто-то обязан сложить.
      PostgreSQL этого сделать не может: он не видит соседей.

==========================================================
### 4. JOIN
==========================================================
--- JOIN заказа с позициями и товарами внутри одного шарда:
{
    "shardsQueried": [
        0
    ],
    "elapsedMs": 3.3725,
    "data": [
        {
            "order_id": "46393333-a672-4fe6-ac61-1a346406c797",
            "created_at": "2026-09-08T17:20:40.34152Z",
            "total_amount": 4807.48,
            "product_name": "\u0427\u0430\u043a-\u0447\u0430\u043a \u043f\u0440\u0435\u043c\u0438\u0443\u043c 500\u0433",
            "quantity": 1,
            "total_price": 1950.0
        },
        {
            "order_id": "46393333-a672-4fe6-ac61-1a346406c797",
            "created_at": "2026-09-08T17:20:40.34152Z",
            "total_amount": 4807.48,
            "product_name": "\u0427\u0430\u043a-\u0447\u0430\u043a \u0441 \u043e\u0440\u0435\u0445\u0430\u043c\u0438 500\u0433",
            "quantity": 3,

--- почему он локальный: позиции заказа лежат на том же узле
                                                                       QUERY PLAN                                                                       
--------------------------------------------------------------------------------------------------------------------------------------------------------
 Limit  (cost=158.51..425.56 rows=1 width=63) (actual time=0.095..0.118 rows=20 loops=1)
   Buffers: shared hit=66
   ->  Nested Loop  (cost=158.51..425.56 rows=1 width=63) (actual time=0.094..0.116 rows=20 loops=1)
         Join Filter: (p.id = oi.product_id)
         Rows Removed by Join Filter: 60
         Buffers: shared hit=66
         ->  Hash Join  (cost=158.51..424.41 rows=1 width=36) (actual time=0.090..0.102 rows=20 loops=1)
               Hash Cond: (o.id = oi.order_id)
               Buffers: shared hit=46
               ->  Index Scan using ix_orders_user_created on orders o  (cost=0.43..265.91 rows=82 width=32) (actual time=0.015..0.026 rows=10 loops=1)
                     Index Cond: (user_id = '000275af-58e2-4d65-9f02-ff7033e4051b'::uuid)
                     Buffers: shared hit=13
               ->  Hash  (cost=157.58..157.58 rows=40 width=52) (actual time=0.068..0.068 rows=60 loops=1)
                     Buckets: 1024  Batches: 1  Memory Usage: 13kB
                     Buffers: shared hit=33
                     ->  Bitmap Heap Scan on order_items oi  (cost=4.73..157.58 rows=40 width=52) (actual time=0.019..0.061 rows=60 loops=1)
                           Recheck Cond: (user_id = '000275af-58e2-4d65-9f02-ff7033e4051b'::uuid)
                           Heap Blocks: exact=30

--- контрфактический опыт: а если бы orders шардировали по id заказа?
    Тогда заказы одного клиента размазались бы по узлам, и главный
    запрос сервиса перестал бы быть single-shard. Считаем, по скольким
    узлам разъехались бы заказы каждого клиента.
 shards_per_user | users |  pct  
-----------------+-------+-------
               2 |   251 |  0.50
               3 | 49750 | 99.50
(2 rows)

  ^^^ вот во что превратился бы GET /api/orders/my при ключе id.

--- а почему не product_id: кардинальность
 products_total 
----------------
              7
(1 row)

              product_id              |  items  |   pct   
--------------------------------------+---------+---------
 bbbbbbbb-bbbb-bbbb-bbbb-bbbbbbbbbbb1 | 1000001 | 49.9999
 bbbbbbbb-bbbb-bbbb-bbbb-bbbbbbbbbbb3 | 1000001 | 49.9999
 aaaaaaaa-aaaa-aaaa-aaaa-aaaaaaaaaaa1 |       2 |  0.0001
 cccccccc-cccc-cccc-cccc-ccccccccccc1 |       2 |  0.0001
 bbbbbbbb-bbbb-bbbb-bbbb-bbbbbbbbbbb2 |       1 |  0.0000
(5 rows)

  ^^^ семь товаров на весь каталог, и два из них держат почти всё.
      Такой ключ не делится даже на три узла: шардов получилось бы
      столько, сколько товаров, а нагрузка легла бы на два из них.

==========================================================
### 5. ORDER BY + LIMIT
==========================================================
--- что отдаёт каждый узел как свои 5 самых свежих заказов:
  shard 0:
                  id                  |          created_at           
--------------------------------------+-------------------------------
 786731e5-b2a3-4a28-a636-bfaa6432c7f8 | 2026-09-12 12:47:00.085464+00
 f344ce54-c2da-4a3e-b6f4-c6d2c9a58190 | 2026-09-12 12:46:47.210192+00
 bbbbbbbb-0000-0000-0000-000000000003 | 2026-09-10 14:34:03.219382+00
 05da4718-7ef4-493d-b5ab-4ade00e92962 | 2026-09-10 14:33:55.875382+00
 daaefd89-3e89-4874-a2f1-89900c7ef648 | 2026-09-10 14:33:41.100982+00
(5 rows)

  shard 1:
                  id                  |          created_at           
--------------------------------------+-------------------------------
 1c6787d4-dd59-438b-b0a6-d30422772c81 | 2026-09-10 14:32:19.971382+00
 6ceebee5-9172-4307-9b75-26e71307f43b | 2026-09-10 14:32:13.750582+00
 adaea0c1-f8e4-486a-a4b4-746c8cdbf0f8 | 2026-09-10 14:32:09.344182+00
 dd33074b-fd21-4c2e-9235-f6fb36ff812b | 2026-09-10 14:31:50.89192+00
 507071d6-0ca2-4774-bd72-4dbea8ffb644 | 2026-09-10 14:31:49.644982+00
(5 rows)

  shard 2:
                  id                  |          created_at          
--------------------------------------+------------------------------
 3e1fc9d5-35f3-4f68-962d-85698f67f51e | 2026-09-10 14:33:41.82952+00
 4a6b9be1-3951-48fb-b34f-7b9068c7b8e6 | 2026-09-10 14:32:39.01672+00
 976228c9-0cb6-4aa8-abf3-3dc0811aba0e | 2026-09-10 14:27:24.08872+00
 fd913b07-a3ad-4591-aab2-c790149bc7d2 | 2026-09-10 14:22:24.28072+00
 69dec956-5b84-4085-b09b-5511f5dce675 | 2026-09-10 14:21:01.68232+00
(5 rows)


--- глобальный top-20 после слияния в приложении:
  опрошено шардов: [0, 1, 2], время 3.7 мс
  откуда пришли строки глобального top-20:
    shard 0: 12 из 20
    shard 1: 6 из 20
    shard 2: 2 из 20

  ^^^ если бы взяли top-20 только с одного узла, потеряли бы 8 из 20 правильных строк.
