Timing is on.
 ring_3_points | ring_4_points 
---------------+---------------
           768 |          1024
(1 row)

Time: 23.679 ms
DROP TABLE
Time: 7.577 ms
SELECT 50004
Time: 1630.783 ms (00:01.631)
ALTER TABLE
Time: 20.723 ms
ANALYZE
Time: 35.531 ms
### 4.1 Сколько всего объектов распределяем
 users | orders  | max_orders_per_user | avg_orders_per_user 
-------+---------+---------------------+---------------------
 50004 | 5000005 |             1900268 |               99.99
(1 row)

Time: 4.123 ms
### 4.2 Распределение по 3 шардам: hash(user_id) % 3
 shard | users | orders  | users_pct | orders_pct 
-------+-------+---------+-----------+------------
     0 | 16700 | 2467541 |    33.397 |     49.351
     1 | 16550 | 2214344 |    33.097 |     44.287
     2 | 16754 |  318120 |    33.505 |      6.362
(3 rows)

Time: 5.457 ms
### 4.3 Распределение по 3 шардам: consistent hashing (256 vnode на шард)
 shard | users | orders  | users_pct | orders_pct 
-------+-------+---------+-----------+------------
     0 | 15445 | 2193956 |    30.888 |     43.879
     1 | 17040 | 2223783 |    34.077 |     44.476
     2 | 17519 |  582266 |    35.035 |     11.645
(3 rows)

Time: 5.463 ms
### 4.4 Перекос: отклонение самого большого шарда от идеальной трети
      strategy      | max_shard_orders | min_shard_orders | spread_pct 
--------------------+------------------+------------------+------------
 hash % 3           |          2467541 |           318120 |     128.97
 consistent hashing |          2223783 |           582266 |      98.49
(2 rows)

Time: 28.181 ms
### 5.1 Задание 5: что будет при переходе 3 -> 4 шарда по модулю
 users_moved | users_stayed | orders_moved | orders_stayed | orders_moved_pct 
-------------+--------------+--------------+---------------+------------------
       37475 |        12529 |      4761282 |        238723 |            95.23
(1 row)

Time: 3.310 ms
### 5.2 Куда именно поехали данные при hash % N
 from_shard | to_shard | orders  
------------+----------+---------
          0 |        0 |   79947
          0 |        1 |   79131
          0 |        2 |   80117
          0 |        3 | 2228346
          1 |        0 |   79118
          1 |        1 |   78990
          1 |        2 | 1977262
          1 |        3 |   78974
          2 |        0 |   80235
          2 |        1 |   80216
          2 |        2 |   79786
          2 |        3 |   77883
(12 rows)

Time: 4.318 ms
### 7.1 Задание 7: тот же переход, но по кольцу
 users_moved | users_stayed | orders_moved | orders_stayed | orders_moved_pct 
-------------+--------------+--------------+---------------+------------------
       12813 |        37191 |      2393593 |       2606412 |            47.87
(1 row)

Time: 3.142 ms
### 7.2 Куда поехали данные при consistent hashing
 from_shard | to_shard | orders  
------------+----------+---------
          0 |        0 |  228363
          0 |        3 | 1965593
          1 |        1 | 2130245
          1 |        3 |   93538
          2 |        2 |  247804
          2 |        3 |  334462
(6 rows)

Time: 3.573 ms
### 7.3 Итоговое сравнение стратегий
      strategy      | moved_pct | moved_orders 
--------------------+-----------+--------------
 hash(key) % N      |     95.23 |      4761282
 Consistent Hashing |     47.87 |      2393593
(2 rows)

Time: 20.917 ms
### 8.1 Два среза одного и того же: ключи против объёма
      strategy      | keys_moved_pct | volume_moved_pct 
--------------------+----------------+------------------
 hash % N           |          74.94 |            95.23
 Consistent Hashing |          25.62 |            47.87
(2 rows)

Time: 17.211 ms
### 8.2 Кто перекашивает картину
      username       | orders_count | mod_3 | ring_3 
---------------------+--------------+-------+--------
 loadtest_user_46594 |      1900268 |     0 |      1
 loadtest_user_14353 |      1900019 |     1 |      0
 customer            |       249760 |     0 |      2
 loadtest_user_12989 |           39 |     0 |      2
(4 rows)

Time: 24.052 ms
 avg_orders | median_orders | p99_orders | max_orders 
------------+---------------+------------+------------
      99.99 |            19 |         30 |    1900268
(1 row)

Time: 4.756 ms
### 8.3 Распределение без двух аномальных аккаунтов
 shard | users | orders | orders_pct 
-------+-------+--------+------------
     0 | 16698 | 317513 |      33.42
     1 | 16549 | 314325 |      33.09
     2 | 16754 | 318120 |      33.49
(3 rows)

Time: 3.764 ms
 shard | users | orders | orders_pct 
-------+-------+--------+------------
     0 | 15444 | 293937 |      30.94
     1 | 17039 | 323515 |      34.06
     2 | 17518 | 332506 |      35.00
(3 rows)

Time: 4.114 ms
### 8.4 Переезд без аномалий: чистая цена смены N
      strategy      | volume_moved_pct 
--------------------+------------------
 hash % N           |            74.87
 Consistent Hashing |            25.67
(2 rows)

Time: 6.269 ms
