=== Раскладка: стратегия modulo, шардов 3

--- shard 0 (chakchakshop_shard0)
    справочник users скопирован
    справочник categories скопирован
    справочник products скопирован
 orders  | items  | users |  size  
---------+--------+-------+--------
 2467541 | 735077 | 50004 | 654 MB
(1 row)


--- shard 1 (chakchakshop_shard1)
    справочник users скопирован
    справочник categories скопирован
    справочник products скопирован
 orders  | items  | users |  size  
---------+--------+-------+--------
 2214344 | 628690 | 50004 | 583 MB
(1 row)


--- shard 2 (chakchakshop_shard2)
    справочник users скопирован
    справочник categories скопирован
    справочник products скопирован
 orders | items  | users |  size  
--------+--------+-------+--------
 318120 | 636240 | 50004 | 200 MB
(1 row)


=== Итоговое распределение
Shard 0 ->    2467541 записей, 654 MB
Shard 1 ->    2214344 записей, 583 MB
Shard 2 ->     318120 записей, 200 MB
