
================================================================
 ОКРУЖЕНИЕ
================================================================
 postgres_version 
------------------
 16.14
(1 row)

              name               | setting | unit 
---------------------------------+---------+------
 effective_cache_size            | 524288  | 8kB
 max_parallel_workers_per_gather | 2       | 
 random_page_cost                | 4       | 
 seq_page_cost                   | 1       | 
 shared_buffers                  | 16384   | 8kB
 work_mem                        | 4096    | kB
(6 rows)


================================================================
 ЗАДАНИЕ 1. Создание таблицы orders
================================================================
DROP TABLE
psql:<stdin>:25: NOTICE:  table "orders" does not exist, skipping
CREATE TABLE

================================================================
 ЗАДАНИЕ 2. Генерация 1 000 000 записей
================================================================
INSERT 0 1000000
ANALYZE
  rows   | heap_size | total_size 
---------+-----------+------------
 1000000 | 85 MB     | 106 MB
(1 row)


================================================================
 ЗАДАНИЕ 3. EXPLAIN (план без выполнения), индексов ещё нет
================================================================
                                QUERY PLAN                                
--------------------------------------------------------------------------
 Gather  (cost=1000.00..17036.43 rows=11 width=53)
   Workers Planned: 2
   ->  Parallel Seq Scan on orders  (cost=0.00..16035.33 rows=5 width=53)
         Filter: (user_id = 123)
(4 rows)


================================================================
 ЗАДАНИЕ 4. EXPLAIN ANALYZE (реальное выполнение)
================================================================
--- прогрев кэша ---
                                                     QUERY PLAN                                                     
--------------------------------------------------------------------------------------------------------------------
 Gather  (cost=1000.00..17036.43 rows=11 width=53) (actual time=0.133..10.139 rows=11 loops=1)
   Workers Planned: 2
   Workers Launched: 2
   ->  Parallel Seq Scan on orders  (cost=0.00..16035.33 rows=5 width=53) (actual time=1.378..7.871 rows=4 loops=3)
         Filter: (user_id = 123)
         Rows Removed by Filter: 333330
 Planning Time: 0.008 ms
 Execution Time: 10.149 ms
(8 rows)

--- замер ---
                                                     QUERY PLAN                                                     
--------------------------------------------------------------------------------------------------------------------
 Gather  (cost=1000.00..17036.43 rows=11 width=53) (actual time=0.164..10.334 rows=11 loops=1)
   Workers Planned: 2
   Workers Launched: 2
   Buffers: shared hit=10827
   ->  Parallel Seq Scan on orders  (cost=0.00..16035.33 rows=5 width=53) (actual time=2.264..7.914 rows=4 loops=3)
         Filter: (user_id = 123)
         Rows Removed by Filter: 333330
         Buffers: shared hit=10827
 Planning Time: 0.025 ms
 Execution Time: 10.366 ms
(10 rows)


================================================================
 ЗАДАНИЕ 5. Sequential Scan
================================================================
--- 5a. SELECT * FROM orders (без WHERE) ---
                                                    QUERY PLAN                                                    
------------------------------------------------------------------------------------------------------------------
 Seq Scan on orders  (cost=0.00..20827.00 rows=1000000 width=53) (actual time=0.002..29.061 rows=1000000 loops=1)
 Planning Time: 0.021 ms
 Execution Time: 45.402 ms
(3 rows)

--- 5b. WHERE amount > 0 (условие есть, но отсекает 0 строк) ---
                                                   QUERY PLAN                                                    
-----------------------------------------------------------------------------------------------------------------
 Seq Scan on orders  (cost=0.00..23327.00 rows=999900 width=53) (actual time=0.002..45.375 rows=1000000 loops=1)
   Filter: (amount > '0'::numeric)
 Planning Time: 0.035 ms
 Execution Time: 61.862 ms
(4 rows)


================================================================
 ЗАДАНИЕ 6. Первый B-tree индекс по user_id
================================================================
CREATE INDEX
ANALYZE
 index_size 
------------
 9080 kB
(1 row)

--- прогрев ---
                                                         QUERY PLAN                                                          
-----------------------------------------------------------------------------------------------------------------------------
 Bitmap Heap Scan on orders  (cost=4.51..47.60 rows=11 width=53) (actual time=0.034..0.045 rows=11 loops=1)
   Recheck Cond: (user_id = 123)
   Heap Blocks: exact=11
   ->  Bitmap Index Scan on idx_orders_user_id  (cost=0.00..4.51 rows=11 width=0) (actual time=0.030..0.030 rows=11 loops=1)
         Index Cond: (user_id = 123)
 Planning Time: 0.107 ms
 Execution Time: 0.055 ms
(7 rows)

--- замер (после индекса) ---
                                                         QUERY PLAN                                                          
-----------------------------------------------------------------------------------------------------------------------------
 Bitmap Heap Scan on orders  (cost=4.51..47.60 rows=11 width=53) (actual time=0.007..0.010 rows=11 loops=1)
   Recheck Cond: (user_id = 123)
   Heap Blocks: exact=11
   Buffers: shared hit=14
   ->  Bitmap Index Scan on idx_orders_user_id  (cost=0.00..4.51 rows=11 width=0) (actual time=0.005..0.005 rows=11 loops=1)
         Index Cond: (user_id = 123)
         Buffers: shared hit=3
 Planning Time: 0.016 ms
 Execution Time: 0.021 ms
(9 rows)


================================================================
 ЗАДАНИЕ 7. Индекс по status и низкая селективность
================================================================
CREATE INDEX
ANALYZE
 index_size 
------------
 6848 kB
(1 row)

--- status = PAID ---
                                                              QUERY PLAN                                                               
---------------------------------------------------------------------------------------------------------------------------------------
 Bitmap Heap Scan on orders  (cost=2791.34..16739.18 rows=249667 width=53) (actual time=3.679..17.039 rows=250343 loops=1)
   Recheck Cond: ((status)::text = 'PAID'::text)
   Heap Blocks: exact=10827
   Buffers: shared hit=10827 read=214
   ->  Bitmap Index Scan on idx_orders_status  (cost=0.00..2728.93 rows=249667 width=0) (actual time=2.999..2.999 rows=250343 loops=1)
         Index Cond: ((status)::text = 'PAID'::text)
         Buffers: shared read=214
 Planning:
   Buffers: shared hit=27 read=1
 Planning Time: 0.089 ms
 Execution Time: 21.427 ms
(11 rows)

--- status = NEW ---
                                                              QUERY PLAN                                                               
---------------------------------------------------------------------------------------------------------------------------------------
 Bitmap Heap Scan on orders  (cost=2804.12..16766.12 rows=250800 width=53) (actual time=3.754..16.077 rows=250475 loops=1)
   Recheck Cond: ((status)::text = 'NEW'::text)
   Heap Blocks: exact=10827
   ->  Bitmap Index Scan on idx_orders_status  (cost=0.00..2741.43 rows=250800 width=0) (actual time=3.082..3.082 rows=250475 loops=1)
         Index Cond: ((status)::text = 'NEW'::text)
 Planning Time: 0.031 ms
 Execution Time: 20.165 ms
(7 rows)

--- status = DELIVERED ---
                                                              QUERY PLAN                                                               
---------------------------------------------------------------------------------------------------------------------------------------
 Bitmap Heap Scan on orders  (cost=2779.33..16714.24 rows=248633 width=53) (actual time=3.800..15.936 rows=249024 loops=1)
   Recheck Cond: ((status)::text = 'DELIVERED'::text)
   Heap Blocks: exact=10827
   ->  Bitmap Index Scan on idx_orders_status  (cost=0.00..2717.17 rows=248633 width=0) (actual time=3.144..3.144 rows=249024 loops=1)
         Index Cond: ((status)::text = 'DELIVERED'::text)
 Planning Time: 0.037 ms
 Execution Time: 20.038 ms
(7 rows)

--- status = CANCELLED ---
                                                              QUERY PLAN                                                               
---------------------------------------------------------------------------------------------------------------------------------------
 Bitmap Heap Scan on orders  (cost=2804.90..16768.15 rows=250900 width=53) (actual time=4.369..20.312 rows=250158 loops=1)
   Recheck Cond: ((status)::text = 'CANCELLED'::text)
   Heap Blocks: exact=10827
   ->  Bitmap Index Scan on idx_orders_status  (cost=0.00..2742.18 rows=250900 width=0) (actual time=3.651..3.652 rows=250158 loops=1)
         Index Cond: ((status)::text = 'CANCELLED'::text)
 Planning Time: 0.027 ms
 Execution Time: 24.678 ms
(7 rows)


================================================================
 ЗАДАНИЕ 8. Селективность
================================================================
--- распределение значений status ---
  status   |  rows  | pct_of_table 
-----------+--------+--------------
 NEW       | 250475 |        25.05
 PAID      | 250343 |        25.03
 CANCELLED | 250158 |        25.02
 DELIVERED | 249024 |        24.90
(4 rows)

--- 8.1 высокая селективность: user_id = 123 (~0.001% таблицы) ---
                                                         QUERY PLAN                                                          
-----------------------------------------------------------------------------------------------------------------------------
 Bitmap Heap Scan on orders  (cost=4.51..47.60 rows=11 width=53) (actual time=0.015..0.025 rows=11 loops=1)
   Recheck Cond: (user_id = 123)
   Heap Blocks: exact=11
   ->  Bitmap Index Scan on idx_orders_user_id  (cost=0.00..4.51 rows=11 width=0) (actual time=0.011..0.011 rows=11 loops=1)
         Index Cond: (user_id = 123)
 Planning Time: 0.042 ms
 Execution Time: 0.062 ms
(7 rows)

--- 8.2 средняя селективность: 25% таблицы (status = PAID) ---
                                                              QUERY PLAN                                                               
---------------------------------------------------------------------------------------------------------------------------------------
 Bitmap Heap Scan on orders  (cost=2791.34..16739.18 rows=249667 width=53) (actual time=2.929..16.474 rows=250343 loops=1)
   Recheck Cond: ((status)::text = 'PAID'::text)
   Heap Blocks: exact=10827
   ->  Bitmap Index Scan on idx_orders_status  (cost=0.00..2728.93 rows=249667 width=0) (actual time=2.205..2.205 rows=250343 loops=1)
         Index Cond: ((status)::text = 'PAID'::text)
 Planning Time: 0.019 ms
 Execution Time: 20.878 ms
(7 rows)

--- 8.3 те же 25%, но планировщику запрещён индекс: сравнение стоимости ---
SET
SET
                                                   QUERY PLAN                                                   
----------------------------------------------------------------------------------------------------------------
 Seq Scan on orders  (cost=0.00..23327.00 rows=249667 width=53) (actual time=0.004..39.870 rows=250343 loops=1)
   Filter: ((status)::text = 'PAID'::text)
   Rows Removed by Filter: 749657
 Planning Time: 0.037 ms
 Execution Time: 44.755 ms
(5 rows)

RESET
--- 8.4 низкая селективность: 50% таблицы ---
                                                              QUERY PLAN                                                               
---------------------------------------------------------------------------------------------------------------------------------------
 Bitmap Heap Scan on orders  (cost=5255.46..22338.30 rows=500467 width=53) (actual time=4.452..25.618 rows=500818 loops=1)
   Recheck Cond: ((status)::text = ANY ('{PAID,NEW}'::text[]))
   Heap Blocks: exact=10827
   ->  Bitmap Index Scan on idx_orders_status  (cost=0.00..5130.35 rows=500467 width=0) (actual time=3.737..3.737 rows=500818 loops=1)
         Index Cond: ((status)::text = ANY ('{PAID,NEW}'::text[]))
 Planning Time: 0.052 ms
 Execution Time: 33.970 ms
(7 rows)

--- 8.5 очень низкая селективность: 75% таблицы -> планировщик уходит в Seq Scan ---
                                                   QUERY PLAN                                                   
----------------------------------------------------------------------------------------------------------------
 Seq Scan on orders  (cost=0.00..23327.00 rows=750333 width=53) (actual time=0.004..38.207 rows=749657 loops=1)
   Filter: ((status)::text <> 'PAID'::text)
   Rows Removed by Filter: 250343
 Planning Time: 0.037 ms
 Execution Time: 50.790 ms
(5 rows)


================================================================
 ЗАДАНИЕ 9. Range Query по created_at
================================================================
--- 9.1 ДО индекса: created_at > NOW() - 7 days ---
                                                        QUERY PLAN                                                         
---------------------------------------------------------------------------------------------------------------------------
 Gather  (cost=1000.00..20105.57 rows=9869 width=53) (actual time=0.152..29.321 rows=9616 loops=1)
   Workers Planned: 2
   Workers Launched: 2
   ->  Parallel Seq Scan on orders  (cost=0.00..18118.67 rows=4112 width=53) (actual time=0.010..26.052 rows=3205 loops=3)
         Filter: (created_at > (now() - '7 days'::interval))
         Rows Removed by Filter: 330128
 Planning Time: 0.053 ms
 Execution Time: 29.524 ms
(8 rows)

CREATE INDEX
ANALYZE
 index_size 
------------
 21 MB
(1 row)

--- 9.2 ПОСЛЕ индекса: сколько строк попадает в каждый диапазон ---
  range  |  rows  |  pct   
---------+--------+--------
 1 day   |   1355 |  0.136
 7 days  |   9616 |  0.962
 1 month |  41411 |  4.141
 1 year  | 499751 | 49.975
(4 rows)

--- 9.3 INTERVAL 1 day ---
                                                             QUERY PLAN                                                              
-------------------------------------------------------------------------------------------------------------------------------------
 Bitmap Heap Scan on orders  (cost=27.39..3968.84 rows=1414 width=53) (actual time=0.381..2.283 rows=1355 loops=1)
   Recheck Cond: (created_at > (now() - '1 day'::interval))
   Heap Blocks: exact=1273
   ->  Bitmap Index Scan on idx_orders_created_at  (cost=0.00..27.04 rows=1414 width=0) (actual time=0.262..0.263 rows=1355 loops=1)
         Index Cond: (created_at > (now() - '1 day'::interval))
 Planning Time: 0.425 ms
 Execution Time: 2.380 ms
(7 rows)

--- 9.4 INTERVAL 7 days ---
                                                              QUERY PLAN                                                              
--------------------------------------------------------------------------------------------------------------------------------------
 Bitmap Heap Scan on orders  (cost=189.16..11393.22 rows=9901 width=53) (actual time=1.451..10.289 rows=9616 loops=1)
   Recheck Cond: (created_at > (now() - '7 days'::interval))
   Heap Blocks: exact=6400
   ->  Bitmap Index Scan on idx_orders_created_at  (cost=0.00..186.69 rows=9901 width=0) (actual time=0.948..0.948 rows=9616 loops=1)
         Index Cond: (created_at > (now() - '7 days'::interval))
 Planning Time: 0.091 ms
 Execution Time: 10.756 ms
(7 rows)

--- 9.5 INTERVAL 1 month ---
                                                               QUERY PLAN                                                               
----------------------------------------------------------------------------------------------------------------------------------------
 Bitmap Heap Scan on orders  (cost=803.74..12378.87 rows=42750 width=53) (actual time=7.397..19.542 rows=41411 loops=1)
   Recheck Cond: (created_at > (now() - '1 mon'::interval))
   Heap Blocks: exact=10618
   ->  Bitmap Index Scan on idx_orders_created_at  (cost=0.00..793.05 rows=42750 width=0) (actual time=5.704..5.704 rows=41411 loops=1)
         Index Cond: (created_at > (now() - '1 mon'::interval))
 Planning Time: 0.062 ms
 Execution Time: 20.581 ms
(7 rows)

--- 9.6 INTERVAL 1 year ---
                                                   QUERY PLAN                                                   
----------------------------------------------------------------------------------------------------------------
 Seq Scan on orders  (cost=0.00..28327.00 rows=498447 width=53) (actual time=0.006..82.357 rows=499751 loops=1)
   Filter: (created_at > (now() - '1 year'::interval))
   Rows Removed by Filter: 500249
 Planning Time: 0.062 ms
 Execution Time: 91.375 ms
(5 rows)


================================================================
 ЗАДАНИЕ 10. Bitmap Index Scan / Bitmap Heap Scan
================================================================
--- 10.1 средний объём выборки: status = NEW ---
                                                              QUERY PLAN                                                               
---------------------------------------------------------------------------------------------------------------------------------------
 Bitmap Heap Scan on orders  (cost=2824.53..16806.53 rows=252400 width=53) (actual time=3.041..18.556 rows=250475 loops=1)
   Recheck Cond: ((status)::text = 'NEW'::text)
   Heap Blocks: exact=10827
   Buffers: shared hit=11041
   ->  Bitmap Index Scan on idx_orders_status  (cost=0.00..2761.43 rows=252400 width=0) (actual time=2.235..2.235 rows=250475 loops=1)
         Index Cond: ((status)::text = 'NEW'::text)
         Buffers: shared hit=214
 Planning Time: 0.061 ms
 Execution Time: 23.182 ms
(9 rows)

--- 10.2 для сравнения: точечный поиск -> Bitmap по 10 строкам ---
                                                         QUERY PLAN                                                          
-----------------------------------------------------------------------------------------------------------------------------
 Bitmap Heap Scan on orders  (cost=4.51..47.60 rows=11 width=53) (actual time=0.023..0.039 rows=11 loops=1)
   Recheck Cond: (user_id = 123)
   Heap Blocks: exact=11
   Buffers: shared hit=14
   ->  Bitmap Index Scan on idx_orders_user_id  (cost=0.00..4.51 rows=11 width=0) (actual time=0.017..0.017 rows=11 loops=1)
         Index Cond: (user_id = 123)
         Buffers: shared hit=3
 Planning Time: 0.061 ms
 Execution Time: 0.065 ms
(9 rows)

--- 10.3 amount BETWEEN 1000 AND 3000 (индекса по amount нет) ---
 rows_matched 
--------------
       200019
(1 row)

                                                   QUERY PLAN                                                   
----------------------------------------------------------------------------------------------------------------
 Seq Scan on orders  (cost=0.00..25827.00 rows=201248 width=53) (actual time=0.004..52.033 rows=200019 loops=1)
   Filter: ((amount >= '1000'::numeric) AND (amount <= '3000'::numeric))
   Rows Removed by Filter: 799981
 Planning Time: 0.051 ms
 Execution Time: 55.744 ms
(5 rows)

--- 10.4 BitmapAnd: пересечение двух индексов ---
                                                                  QUERY PLAN                                                                  
----------------------------------------------------------------------------------------------------------------------------------------------
 Bitmap Heap Scan on orders  (cost=933.76..2321.74 rows=410 width=53) (actual time=4.034..4.432 rows=422 loops=1)
   Recheck Cond: ((user_id >= 1000) AND (user_id <= 2000) AND (created_at > (now() - '1 mon'::interval)))
   Heap Blocks: exact=414
   ->  BitmapAnd  (cost=933.76..933.76 rows=410 width=0) (actual time=3.956..3.957 rows=0 loops=1)
         ->  Bitmap Index Scan on idx_orders_user_id  (cost=0.00..140.26 rows=9583 width=0) (actual time=0.794..0.794 rows=10025 loops=1)
               Index Cond: ((user_id >= 1000) AND (user_id <= 2000))
         ->  Bitmap Index Scan on idx_orders_created_at  (cost=0.00..793.05 rows=42750 width=0) (actual time=2.978..2.979 rows=41411 loops=1)
               Index Cond: (created_at > (now() - '1 mon'::interval))
 Planning Time: 0.101 ms
 Execution Time: 4.508 ms
(10 rows)


================================================================
 ИТОГ: индексы, созданные в заданиях 1-10
================================================================
      index_name       |  size   | times_used 
-----------------------+---------+------------
 idx_orders_created_at | 21 MB   |          1
 idx_orders_status     | 6848 kB |          7
 idx_orders_user_id    | 9080 kB |          3
 orders_pkey           | 21 MB   |          0
(4 rows)

 heap  | all_indexes 
-------+-------------
 85 MB | 58 MB
(1 row)

