Timing is on.
SET
Time: 0.515 ms
SET
Time: 0.084 ms
### 12.0 Исходное состояние таблицы
  rows   | total_size |              min              |              max              
---------+------------+-------------------------------+-------------------------------
 5000003 | 1067 MB    | 2024-09-10 14:34:23.350582+00 | 2026-09-10 14:34:03.219382+00
(1 row)

Time: 632.844 ms
                          Table "public.orders"
    Column    |           Type           | Collation | Nullable | Default 
--------------+--------------------------+-----------+----------+---------
 id           | uuid                     |           | not null | 
 user_id      | uuid                     |           | not null | 
 total_amount | numeric(18,2)            |           | not null | 
 status       | character varying(50)    |           | not null | 
 created_at   | timestamp with time zone |           | not null | 
 updated_at   | timestamp with time zone |           |          | 
Indexes:
    "PK_orders" PRIMARY KEY, btree (id)
    "IX_orders_created_at" btree (created_at DESC)
    "IX_orders_user_id" btree (user_id)
    "IX_orders_user_id_created_at" btree (user_id, created_at DESC)
Foreign-key constraints:
    "FK_orders_users_user_id" FOREIGN KEY (user_id) REFERENCES users(id) ON DELETE RESTRICT
Referenced by:
    TABLE "order_items" CONSTRAINT "FK_order_items_orders_order_id" FOREIGN KEY (order_id) REFERENCES orders(id) ON DELETE CASCADE

Time: 1.097 ms
### 12.1 Q1: GET /api/orders?from=2026-07-01&to=2026-08-01 (страница за период)
                                                                           QUERY PLAN                                                                           
----------------------------------------------------------------------------------------------------------------------------------------------------------------
 Limit  (cost=0.43..22.69 rows=20 width=63) (actual time=0.349..0.577 rows=20 loops=1)
   Buffers: shared hit=1 read=22
   ->  Index Scan using "IX_orders_created_at" on orders  (cost=0.43..225920.32 rows=203007 width=63) (actual time=0.349..0.575 rows=20 loops=1)
         Index Cond: ((created_at >= '2026-07-01 00:00:00+00'::timestamp with time zone) AND (created_at < '2026-08-01 00:00:00+00'::timestamp with time zone))
         Buffers: shared hit=1 read=22
 Planning:
   Buffers: shared hit=17
 Planning Time: 0.076 ms
 Execution Time: 0.596 ms
(9 rows)

Time: 0.904 ms
### 12.2 Q2: GET /api/orders/{id}
                                                     QUERY PLAN                                                      
---------------------------------------------------------------------------------------------------------------------
 Index Scan using "PK_orders" on orders  (cost=0.43..8.45 rows=1 width=63) (actual time=0.430..0.430 rows=1 loops=1)
   Index Cond: (id = 'bbbbbbbb-0000-0000-0000-000000000003'::uuid)
   Buffers: shared hit=1 read=3
 Planning Time: 0.010 ms
 Execution Time: 0.434 ms
(5 rows)

Time: 0.842 ms
### 12.3 Q3: GET /api/orders/statistics?from=2026-07-01&to=2026-08-01
                                                                                 QUERY PLAN                                                                                 
----------------------------------------------------------------------------------------------------------------------------------------------------------------------------
 GroupAggregate  (cost=85059.13..90132.91 rows=202914 width=48) (actual time=694.955..712.247 rows=31 loops=1)
   Group Key: (date_trunc('day'::text, created_at))
   Buffers: shared hit=16 read=54372 written=2, temp read=637 written=640
   ->  Sort  (cost=85059.13..85566.65 rows=203007 width=14) (actual time=694.312..702.080 rows=208061 loops=1)
         Sort Key: (date_trunc('day'::text, created_at))
         Sort Method: external merge  Disk: 5096kB
         Buffers: shared hit=16 read=54372 written=2, temp read=637 written=640
         ->  Bitmap Heap Scan on orders  (cost=5537.25..63690.88 rows=203007 width=14) (actual time=141.653..668.531 rows=208061 loops=1)
               Recheck Cond: ((created_at >= '2026-07-01 00:00:00+00'::timestamp with time zone) AND (created_at < '2026-08-01 00:00:00+00'::timestamp with time zone))
               Heap Blocks: exact=53499
               Buffers: shared hit=13 read=54372 written=2
               ->  Bitmap Index Scan on "IX_orders_created_at"  (cost=0.00..5486.50 rows=203007 width=0) (actual time=137.569..137.569 rows=208061 loops=1)
                     Index Cond: ((created_at >= '2026-07-01 00:00:00+00'::timestamp with time zone) AND (created_at < '2026-08-01 00:00:00+00'::timestamp with time zone))
                     Buffers: shared hit=3 read=883
 Planning:
   Buffers: shared hit=13 read=2
 Planning Time: 0.305 ms
 Execution Time: 712.577 ms
(18 rows)

Time: 713.475 ms
### 12.4 Q4: GET /api/orders/my (страница заказов клиента)
                                                                       QUERY PLAN                                                                        
---------------------------------------------------------------------------------------------------------------------------------------------------------
 Limit  (cost=0.43..16.50 rows=20 width=63) (actual time=0.622..0.671 rows=20 loops=1)
   Buffers: shared hit=7 read=16
   ->  Index Scan using "IX_orders_user_id_created_at" on orders  (cost=0.43..200106.56 rows=249020 width=63) (actual time=0.621..0.669 rows=20 loops=1)
         Index Cond: (user_id = 'aaaaaaaa-0000-0000-0000-000000000003'::uuid)
         Buffers: shared hit=7 read=16
 Planning Time: 0.066 ms
 Execution Time: 0.689 ms
(7 rows)

Time: 0.890 ms
### 12.5 Годовая аналитика: сколько данных реально приходится трогать
                                                                               QUERY PLAN                                                                               
------------------------------------------------------------------------------------------------------------------------------------------------------------------------
 Finalize Aggregate  (cost=92074.54..92074.55 rows=1 width=40) (actual time=150.021..152.214 rows=1 loops=1)
   Buffers: shared hit=16038 read=38563
   ->  Gather  (cost=92074.32..92074.53 rows=2 width=40) (actual time=149.996..152.207 rows=3 loops=1)
         Workers Planned: 2
         Workers Launched: 2
         Buffers: shared hit=16038 read=38563
         ->  Partial Aggregate  (cost=91074.32..91074.33 rows=1 width=40) (actual time=147.566..147.566 rows=1 loops=3)
               Buffers: shared hit=16038 read=38563
               ->  Parallel Seq Scan on orders  (cost=0.00..85853.52 rows=1044159 width=6) (actual time=0.010..109.671 rows=833879 loops=3)
                     Filter: ((created_at >= '2025-01-01 00:00:00+00'::timestamp with time zone) AND (created_at < '2026-01-01 00:00:00+00'::timestamp with time zone))
                     Rows Removed by Filter: 832789
                     Buffers: shared hit=16038 read=38563
 Planning Time: 0.038 ms
 Execution Time: 152.239 ms
(14 rows)

Time: 152.417 ms
### 12.6 Удаление данных старше двух лет на обычной таблице
                                                                                QUERY PLAN                                                                                 
---------------------------------------------------------------------------------------------------------------------------------------------------------------------------
 Finalize Aggregate  (cost=5319.02..5319.03 rows=1 width=8) (actual time=77.655..78.990 rows=1 loops=1)
   Buffers: shared hit=68086 read=609
   ->  Gather  (cost=5318.80..5319.01 rows=2 width=8) (actual time=77.597..78.987 rows=3 loops=1)
         Workers Planned: 2
         Workers Launched: 2
         Buffers: shared hit=68086 read=609
         ->  Partial Aggregate  (cost=4318.80..4318.81 rows=1 width=8) (actual time=76.343..76.344 rows=1 loops=3)
               Buffers: shared hit=68086 read=609
               ->  Parallel Index Only Scan using "IX_orders_created_at" on orders  (cost=0.43..4167.46 rows=60537 width=0) (actual time=0.362..75.076 rows=47306 loops=3)
                     Index Cond: (created_at < '2024-10-01 00:00:00+00'::timestamp with time zone)
                     Heap Fetches: 0
                     Buffers: shared hit=68086 read=609
 Planning Time: 0.049 ms
 Execution Time: 79.013 ms
(14 rows)

Time: 79.224 ms
